build-harness INTEGRATION v2.3 mod 'v5-buildproof-pg':
  ✓ fixture opsat
  ✓ angrebs-spec (den faktiske måle-spec) er komplet mod manifestet

cases mod rigtig Postgres (baseline):
  ✓ c-navn-ut [UT] → opfyldt
  ✓ c-dml-ut [UT] → opfyldt
  ✓ c-opret-mh [MH] → opfyldt
  ✓ c-pris-fs [FS] → opfyldt
  ✓ c-tom-fs [FS] → opfyldt
  ✓ c-min-ut [UT] → opfyldt
  ✓ c-race-sa [SA] → opfyldt
  ✓ SA: OVERLAP vidnet af en TREDJE backend (witness_pid ∉ {A,B}, a_pid/b_pid = sessionernes) — uafhængigt af produktlåsen (F-22)
  ✓ SA: præcis én afvisning og den er P0001 fra f.stand_deaktiver
  ✓ SA: race.setup udført af motoren og observeret (F-20)
  ✓ runner: produktlåsen BLOKERER faktisk B bag A i baseline (pg_blocking_pids — produkt-observation, ikke dom)
  ✓ runner: scenario MED setup afvises som protokol-fejl (setup er motorens, F-20)
  ✓ K-8-typen: komplet rows=[] er opfyldt (ikke manglende svar)
  ✓ UT: forbudt handling TILLADT (ingen afvisning) → brudt, observationen viser negative.ok=true

transport-ramme (F-27):
  ✓ data der LIGNER en markør (uden nonce) afslutter ikke rammen — svaret er dataen selv
  ✓ fejl i sætning n står i sætning n's segment (22012), ikke i en anden
  ✓ data der begynder med 'ERROR:' som HEL linje tolkes som fejl-ramme kun når det ER en psql-fejl — her: data-linjen står alene, ingen SQLSTATE → ok:false m. code null er en synlig protokol-anomali, ikke en stille sejr
  ✓ kontrolleret strøm: markør-LIGNENDE data før den rigtige nonce-markør → fejlen tilskrives rigtigt (P0001), rammen afsluttes først ved den rigtige markør
  ✓ kontrolleret strøm: den rigtige markør to gange → protokol-fejl (rammen er ikke entydig), aldrig et svar

mutanter (én pr. værn) — formbestemt kill:
  ✓ engine: alle cases opfyldt
  ✓ m-navn (g.navn) → dræbt som UT · restored · ren
  ✓ m-grant (g.grant) → dræbt som MH · restored · ren
  ✓ m-audit (g.audit) → dræbt som MH · restored · ren
  ✓ m-pris (g.pris) → dræbt som FS · restored · ren
  ✓ m-min-check (g.min-check) → dræbt som UT · restored · ren
  ✓ m-min-laas (g.min-laas) → dræbt som SA · restored · ren
  ✓ m-dml (g.dml) → dræbt som UT · restored · ren
  ✓ m-audit-filter (g.audit-filter) → dræbt som FS · restored · ren
  ✓ engine: allOk (alle former opfyldt + alle 8 mutanter dræbt formbestemt)
  ✓ break_form pr. mutant: UT·MH·MH·FS·UT·SA·UT·FS
  ✓ SA-observationer bærer to forskellige backend-pids, uafhængigt overlap-vidne, afslutnings-udfald, aktør og fase (F-8/F-22/F-24)
  ✓ SA-kill: under den fjernede lås gik BEGGE igennem og committede, overlappet blev stadig vidnet uafhængigt, invarianten brød (F-22)
  ✓ UT-observationer bærer struktureret afvisning: kode + præcist message-token + routine (F-4)
  ✓ kontrast: »findes«-mutant (kun kommentar) OVERLEVER → allOk=false (footprint uændret = ingen mutation attesteret)
  ✓ kontrast: footprint-kaldet FEJLER (22012 under alle faser) → footprint null → ingen attesteret mutation → ikke dræbt (F-21)
  ✓ footprint attesterer mutation og restore: baseline ≠ under, restored == baseline (F-13/F-16)

verifyBuildProof over det faktisk producerede bevis (manifest + angrebs-spec som gate-bindinger @ rigtig commit):
  ✓ verifyBuildProof → grøn over det rigtige, ikke-redigerede bevis (alle 7 cases + 8 mutanter genudledt mod spec + manifest)
  ✓ … og rød når det foreskrevne setup udelades af K-8-casen (F-20)
  ✓ … og rød når K-1-claimets anker peger på en anden routine end den der afviser (F-25)

build-harness INTEGRATION v2.3: alle 41 cases passed (fire bevisformer + formbestemte kills + fuld verifier-kørsel bevist mod rigtig Postgres + rigtig git)
